[    0.000000] Initializing cgroup subsys cpuset
[    0.000000] Initializing cgroup subsys cpu
[    0.000000] Initializing cgroup subsys cpuacct
[    0.000000] Linux version 4.4.0-157-generic (buildd@lgw01-amd64-037) (gcc version 5.4.0 20160609 (Ubuntu 5.4.0-6ubuntu1~16.04.10) ) #185-Ubuntu SMP Tue Jul 23 09:17:01 UTC 2019 (Ubuntu 4.4.0-157.185-generic 4.4.181)
[    0.000000] Command line: BOOT_IMAGE=/boot/vmlinuz-4.4.0-157-generic root=LABEL=cloudimg-rootfs ro console=tty1 console=ttyS0
[    0.000000] KERNEL supported cpus:
[    0.000000]   Intel GenuineIntel
[    0.000000]   AMD AuthenticAMD
[    0.000000]   Centaur CentaurHauls
[    0.000000] x86/fpu: xstate_offset[2]:  576, xstate_sizes[2]:  256
[    0.000000] x86/fpu: Supporting XSAVE feature 0x01: 'x87 floating point registers'
[    0.000000] x86/fpu: Supporting XSAVE feature 0x02: 'SSE registers'
[    0.000000] x86/fpu: Supporting XSAVE feature 0x04: 'AVX registers'
[    0.000000] x86/fpu: Enabled xstate features 0x7, context size is 832 bytes, using 'standard' format.
[    0.000000] e820: BIOS-provided physical RAM map:
[    0.000000] BIOS-e820: [mem 0x0000000000000000-0x000000000009fbff] usable
[    0.000000] BIOS-e820: [mem 0x000000000009fc00-0x000000000009ffff] reserved
[    0.000000] BIOS-e820: [mem 0x00000000000f0000-0x00000000000fffff] reserved
[    0.000000] BIOS-e820: [mem 0x0000000000100000-0x000000003ffeffff] usable
[    0.000000] BIOS-e820: [mem 0x000000003fff0000-0x000000003fffffff] ACPI data
[    0.000000] BIOS-e820: [mem 0x00000000fec00000-0x00000000fec00fff] reserved
[    0.000000] BIOS-e820: [mem 0x00000000fee00000-0x00000000fee00fff] reserved
[    0.000000] BIOS-e820: [mem 0x00000000fffc0000-0x00000000ffffffff] reserved
[    0.000000] NX (Execute Disable) protection: active
[    0.000000] SMBIOS 2.5 present.
[    0.000000] Hypervisor detected: KVM
[    0.000000] e820: last_pfn = 0x3fff0 max_arch_pfn = 0x400000000
[    0.000000] MTRR: Disabled
[    0.000000] x86/PAT: MTRRs disabled, skipping PAT initialization too.
[    0.000000] CPU MTRRs all blank - virtualized system.
[    0.000000] x86/PAT: Configuration [0-7]: WB  WT  UC- UC  WB  WT  UC- UC  
[    0.000000] found SMP MP-table at [mem 0x0009fff0-0x0009ffff] mapped at [ffff88000009fff0]
[    0.000000] Scanning 1 areas for low memory corruption
[    0.000000] RAMDISK: [mem 0x362fc000-0x37175fff]
[    0.000000] ACPI: Early table checksum verification disabled
[    0.000000] ACPI: RSDP 0x00000000000E0000 000024 (v02 VBOX  )
[    0.000000] ACPI: XSDT 0x000000003FFF0030 00003C (v01 VBOX   VBOXXSDT 00000001 ASL  00000061)
[    0.000000] ACPI: FACP 0x000000003FFF00F0 0000F4 (v04 VBOX   VBOXFACP 00000001 ASL  00000061)
[    0.000000] ACPI: DSDT 0x000000003FFF0470 0022EA (v02 VBOX   VBOXBIOS 00000002 INTL 20100528)
[    0.000000] ACPI: FACS 0x000000003FFF0200 000040
[    0.000000] ACPI: FACS 0x000000003FFF0200 000040
[    0.000000] ACPI: APIC 0x000000003FFF0240 00005C (v02 VBOX   VBOXAPIC 00000001 ASL  00000061)
[    0.000000] ACPI: SSDT 0x000000003FFF02A0 0001CC (v01 VBOX   VBOXCPUT 00000002 INTL 20100528)
[    0.000000] No NUMA configuration found
[    0.000000] Faking a node at [mem 0x0000000000000000-0x000000003ffeffff]
[    0.000000] NODE_DATA(0) allocated [mem 0x3ffeb000-0x3ffeffff]
[    0.000000] kvm-clock: Using msrs 4b564d01 and 4b564d00
[    0.000000] kvm-clock: cpu 0, msr 0:3ffe3001, primary cpu clock
[    0.000000] kvm-clock: using sched offset of 3591041959 cycles
[    0.000000] clocksource: kvm-clock: mask: 0xffffffffffffffff max_cycles: 0x1cd42e4dffb, max_idle_ns: 881590591483 ns
[    0.000000] Zone ranges:
[    0.000000]   DMA      [mem 0x0000000000001000-0x0000000000ffffff]
[    0.000000]   DMA32    [mem 0x0000000001000000-0x000000003ffeffff]
[    0.000000]   Normal   empty
[    0.000000]   Device   empty
[    0.000000] Movable zone start for each node
[    0.000000] Early memory node ranges
[    0.000000]   node   0: [mem 0x0000000000001000-0x000000000009efff]
[    0.000000]   node   0: [mem 0x0000000000100000-0x000000003ffeffff]
[    0.000000] Initmem setup node 0 [mem 0x0000000000001000-0x000000003ffeffff]
[    0.000000] ACPI: PM-Timer IO Port: 0x4008
[    0.000000] IOAPIC[0]: apic_id 2, version 32, address 0xfec00000, GSI 0-23
[    0.000000] ACPI: INT_SRC_OVR (bus 0 bus_irq 0 global_irq 2 dfl dfl)
[    0.000000] ACPI: INT_SRC_OVR (bus 0 bus_irq 9 global_irq 9 low level)
[    0.000000] Using ACPI (MADT) for SMP configuration information
[    0.000000] smpboot: Allowing 2 CPUs, 0 hotplug CPUs
[    0.000000] PM: Registered nosave memory: [mem 0x00000000-0x00000fff]
[    0.000000] PM: Registered nosave memory: [mem 0x0009f000-0x0009ffff]
[    0.000000] PM: Registered nosave memory: [mem 0x000a0000-0x000effff]
[    0.000000] PM: Registered nosave memory: [mem 0x000f0000-0x000fffff]
[    0.000000] e820: [mem 0x40000000-0xfebfffff] available for PCI devices
[    0.000000] Booting paravirtualized kernel on KVM
[    0.000000] clocksource: refined-jiffies: mask: 0xffffffff max_cycles: 0xffffffff, max_idle_ns: 7645519600211568 ns
[    0.000000] setup_percpu: NR_CPUS:512 nr_cpumask_bits:512 nr_cpu_ids:2 nr_node_ids:1
[    0.000000] PERCPU: Embedded 34 pages/cpu @ffff88003fc00000 s99544 r8192 d31528 u1048576
[    0.000000] Built 1 zonelists in Node order, mobility grouping on.  Total pages: 257912
[    0.000000] Policy zone: DMA32
[    0.000000] Kernel command line: BOOT_IMAGE=/boot/vmlinuz-4.4.0-157-generic root=LABEL=cloudimg-rootfs ro console=tty1 console=ttyS0
[    0.000000] PID hash table entries: 4096 (order: 3, 32768 bytes)
[    0.000000] Memory: 997736K/1048120K available (8618K kernel code, 1335K rwdata, 4032K rodata, 1484K init, 1284K bss, 50384K reserved, 0K cma-reserved)
[    0.000000] SLUB: HWalign=64, Order=0-3, MinObjects=0, CPUs=2, Nodes=1
[    0.000000] Kernel/User page tables isolation: enabled
[    0.000000] Hierarchical RCU implementation.
[    0.000000] 	Build-time adjustment of leaf fanout to 64.
[    0.000000] 	RCU restricting CPUs from NR_CPUS=512 to nr_cpu_ids=2.
[    0.000000] RCU: Adjusting geometry for rcu_fanout_leaf=64, nr_cpu_ids=2
[    0.000000] NR_IRQS:33024 nr_irqs:440 16
[    0.000000] Console: colour VGA+ 80x25
[    0.000000] console [tty1] enabled
[    0.000000] console [ttyS0] enabled
[    0.000000] tsc: Detected 2712.000 MHz processor
[    0.199948] Calibrating delay loop (skipped) preset value.. 5424.00 BogoMIPS (lpj=10848000)
[    0.203700] pid_max: default: 32768 minimum: 301
[    0.204897] ACPI: Core revision 20150930
[    0.208342] ACPI: 2 ACPI AML tables successfully acquired and loaded
[    0.210065] Security Framework initialized
[    0.211176] Yama: becoming mindful.
[    0.212765] AppArmor: AppArmor initialized
[    0.214550] Dentry cache hash table entries: 131072 (order: 8, 1048576 bytes)
[    0.220304] Inode-cache hash table entries: 65536 (order: 7, 524288 bytes)
[    0.223146] Mount-cache hash table entries: 2048 (order: 2, 16384 bytes)
[    0.224865] Mountpoint-cache hash table entries: 2048 (order: 2, 16384 bytes)
[    0.227775] Initializing cgroup subsys io
[    0.228878] Initializing cgroup subsys memory
[    0.230917] Initializing cgroup subsys devices
[    0.232480] Initializing cgroup subsys freezer
[    0.233714] Initializing cgroup subsys net_cls
[    0.234857] Initializing cgroup subsys perf_event
[    0.236060] Initializing cgroup subsys net_prio
[    0.237256] Initializing cgroup subsys hugetlb
[    0.238445] Initializing cgroup subsys pids
[    0.241743] mce: CPU supports 0 MCE banks
[    0.243384] Last level iTLB entries: 4KB 64, 2MB 8, 4MB 8
[    0.244906] Last level dTLB entries: 4KB 64, 2MB 0, 4MB 0, 1GB 4
[    0.247326] Spectre V2 : Mitigation: Full generic retpoline
[    0.248681] Spectre V2 : Spectre v2 / SpectreRSB mitigation: Filling RSB on context switch
[    0.250927] Speculative Store Bypass: Vulnerable
[    0.252234] MDS: Vulnerable: Clear CPU buffers attempted, no microcode
[    0.258457] Freeing SMP alternatives memory: 36K
[    0.268956] ftrace: allocating 32312 entries in 127 pages
[    0.355186] smpboot: APIC(0) Converting physical 0 to logical package 0
[    0.356973] smpboot: Max logical packages: 1
[    0.358666] x2apic enabled
[    0.359977] Switched APIC routing to physical x2apic.
[    0.363028] ..TIMER: vector=0x30 apic1=0 pin1=2 apic2=-1 pin2=-1
[    0.469555] smpboot: CPU0: Intel(R) Core(TM) i5-7200U CPU @ 2.50GHz (family: 0x6, model: 0x8e, stepping: 0x9)
[    0.472517] Performance Events: unsupported p6 CPU model 142 no PMU driver, software events only.
[    0.487500] KVM setup paravirtual spinlock
[    0.489503] x86: Booting SMP configuration:
[    0.490755] .... node  #0, CPUs:      #1
[    0.492061] kvm-clock: cpu 1, msr 0:3ffe3041, secondary cpu clock
[    0.495071] mce: CPU supports 0 MCE banks
[    0.497969] x86: Booted up 1 node, 2 CPUs
[    0.499472] smpboot: Total of 2 processors activated (10848.00 BogoMIPS)
[    0.501800] devtmpfs: initialized
[    0.504702] evm: security.selinux
[    0.505761] evm: security.SMACK64
[    0.506895] evm: security.SMACK64EXEC
[    0.507999] evm: security.SMACK64TRANSMUTE
[    0.509197] evm: security.SMACK64MMAP
[    0.510446] evm: security.ima
[    0.511504] evm: security.capability
[    0.512858] clocksource: jiffies: mask: 0xffffffff max_cycles: 0xffffffff, max_idle_ns: 7645041785100000 ns
[    0.515696] futex hash table entries: 512 (order: 3, 32768 bytes)
[    0.517485] pinctrl core: initialized pinctrl subsystem
[    0.519113] RTC time: 14:33:26, date: 08/15/19
[    0.520619] NET: Registered protocol family 16
[    0.535376] cpuidle: using governor ladder
[    0.546825] cpuidle: using governor menu
[    0.548250] PCCT header not found.
[    0.549426] ACPI: bus type PCI registered
[    0.550698] acpiphp: ACPI Hot Plug PCI Controller Driver version: 0.5
[    0.552513] PCI: Using configuration type 1 for base access
[    0.567851] ACPI: Added _OSI(Module Device)
[    0.569124] ACPI: Added _OSI(Processor Device)
[    0.570466] ACPI: Added _OSI(3.0 _SCP Extensions)
[    0.571825] ACPI: Added _OSI(Processor Aggregator Device)
[    0.574121] ACPI: Executed 1 blocks of module-level executable AML code
[    0.578671] ACPI: Interpreter enabled
[    0.579824] ACPI: (supports S0 S5)
[    0.580925] ACPI: Using IOAPIC for interrupt routing
[    0.582672] PCI: Using host bridge windows from ACPI; if necessary, use "pci=nocrs" and report a bug
[    0.589883] ACPI: PCI Root Bridge [PCI0] (domain 0000 [bus 00-ff])
[    0.591545] acpi PNP0A03:00: _OSC: OS supports [ASPM ClockPM Segments MSI]
[    0.593735] acpi PNP0A03:00: _OSC: not requesting OS control; OS requires [ExtendedConfig ASPM ClockPM MSI]
[    0.596492] acpi PNP0A03:00: fail to add MMCONFIG information, can't access extended PCI configuration space under this bridge.
[    0.600287] PCI host bridge to bus 0000:00
[    0.601510] pci_bus 0000:00: root bus resource [io  0x0000-0x0cf7 window]
[    0.603366] pci_bus 0000:00: root bus resource [io  0x0d00-0xffff window]
[    0.605213] pci_bus 0000:00: root bus resource [mem 0x000a0000-0x000bffff window]
[    0.607482] pci_bus 0000:00: root bus resource [mem 0x40000000-0xfdffffff window]
[    0.609669] pci_bus 0000:00: root bus resource [bus 00-ff]
[    0.613406] pci 0000:00:01.1: legacy IDE quirk: reg 0x10: [io  0x01f0-0x01f7]
[    0.615320] pci 0000:00:01.1: legacy IDE quirk: reg 0x14: [io  0x03f6]
[    0.626183] pci 0000:00:01.1: legacy IDE quirk: reg 0x18: [io  0x0170-0x0177]
[    0.628119] pci 0000:00:01.1: legacy IDE quirk: reg 0x1c: [io  0x0376]
[    0.652632] pci 0000:00:07.0: quirk: [io  0x4000-0x403f] claimed by PIIX4 ACPI
[    0.669854] pci 0000:00:07.0: quirk: [io  0x4100-0x410f] claimed by PIIX4 SMB
[    0.686077] ACPI: PCI Interrupt Link [LNKA] (IRQs 5 9 10 *11)
[    0.692421] ACPI: PCI Interrupt Link [LNKB] (IRQs 5 9 *10 11)
[    0.694761] ACPI: PCI Interrupt Link [LNKC] (IRQs 5 *9 10 11)
[    0.697107] ACPI: PCI Interrupt Link [LNKD] (IRQs 5 9 10 *11)
[    0.699540] ACPI: Enabled 2 GPEs in block 00 to 07
[    0.701473] vgaarb: setting as boot device: PCI:0000:00:02.0
[    0.702994] vgaarb: device added: PCI:0000:00:02.0,decodes=io+mem,owns=io+mem,locks=none
[    0.705327] vgaarb: loaded
[    0.706276] vgaarb: bridge control possible 0000:00:02.0
[    0.707990] SCSI subsystem initialized
[    0.709258] ACPI: bus type USB registered
[    0.710549] usbcore: registered new interface driver usbfs
[    0.712034] usbcore: registered new interface driver hub
[    0.713592] usbcore: registered new device driver usb
[    0.715389] PCI: Using ACPI for IRQ routing
[    0.716922] NetLabel: Initializing
[    0.717977] NetLabel:  domain hash size = 128
[    0.719257] NetLabel:  protocols = UNLABELED CIPSOv4
[    0.723625] NetLabel:  unlabeled traffic allowed by default
[    0.725899] amd_nb: Cannot enumerate AMD northbridges
[    0.727720] clocksource: Switched to clocksource kvm-clock
[    0.741458] AppArmor: AppArmor Filesystem Enabled
[    0.742939] pnp: PnP ACPI init
[    0.744890] pnp: PnP ACPI: found 3 devices
[    0.757257] clocksource: acpi_pm: mask: 0xffffff max_cycles: 0xffffff, max_idle_ns: 2085701024 ns
[    0.760320] NET: Registered protocol family 2
[    0.762428] TCP established hash table entries: 8192 (order: 4, 65536 bytes)
[    0.765147] TCP bind hash table entries: 8192 (order: 5, 131072 bytes)
[    0.766945] TCP: Hash tables configured (established 8192 bind 8192)
[    0.768694] UDP hash table entries: 512 (order: 2, 16384 bytes)
[    0.770277] UDP-Lite hash table entries: 512 (order: 2, 16384 bytes)
[    0.772003] NET: Registered protocol family 1
[    0.773256] pci 0000:00:00.0: Limiting direct PCI/PCI transfers
[    0.774994] pci 0000:00:01.0: Activating ISA DMA hang workarounds
[    0.776828] Unpacking initramfs...
[    1.055643] Freeing initrd memory: 14824K
[    1.057080] clocksource: tsc: mask: 0xffffffffffffffff max_cycles: 0x2717868ea45, max_idle_ns: 440795316085 ns
[    1.059850] platform rtc_cmos: registered platform RTC device (no PNP device found)
[    1.062159] Scanning for low memory corruption every 60 seconds
[    1.064296] audit: initializing netlink subsys (disabled)
[    1.065757] audit: type=2000 audit(1565879611.765:1): initialized
[    1.067851] Initialise system trusted keyring
[    1.069389] HugeTLB registered 2 MB page size, pre-allocated 0 pages
[    1.072518] zbud: loaded
[    1.073864] VFS: Disk quotas dquot_6.6.0
[    1.075068] VFS: Dquot-cache hash table entries: 512 (order 0, 4096 bytes)
[    1.077229] squashfs: version 4.0 (2009/01/31) Phillip Lougher
[    1.079215] fuse init (API version 7.23)
[    1.080732] Key type big_key registered
[    1.081899] Allocating IMA MOK and blacklist keyrings.
[    1.085492] Key type asymmetric registered
[    1.086671] Asymmetric key parser 'x509' registered
[    1.088050] Block layer SCSI generic (bsg) driver version 0.4 loaded (major 249)
[    1.090394] io scheduler noop registered
[    1.091613] io scheduler deadline registered (default)
[    1.093136] io scheduler cfq registered
[    1.094398] pci_hotplug: PCI Hot Plug PCI Core version: 0.5
[    1.095942] pciehp: PCI Express Hot Plug Controller Driver version: 0.4
[    1.097891] ACPI: AC Adapter [AC] (on-line)
[    1.099355] input: Power Button as /devices/LNXSYSTM:00/LNXPWRBN:00/input/input0
[    1.101656] ACPI: Power Button [PWRF]
[    1.102823] input: Sleep Button as /devices/LNXSYSTM:00/LNXSLPBN:00/input/input1
[    1.105131] ACPI: Sleep Button [SLPF]
[    1.106506] GHES: HEST is not enabled!
[    1.107448] ACPI: Battery Slot [BAT0] (battery present)
[    1.109697] Serial: 8250/16550 driver, 32 ports, IRQ sharing enabled
[    1.132020] 00:02: ttyS0 at I/O 0x3f8 (irq = 4, base_baud = 115200) is a 16550A
[    1.137618] Linux agpgart interface v0.103
[    1.140666] loop: module loaded
[    1.142451] scsi host0: ata_piix
[    1.143793] scsi host1: ata_piix
[    1.144807] ata1: PATA max UDMA/33 cmd 0x1f0 ctl 0x3f6 bmdma 0xd000 irq 14
[    1.146382] ata2: PATA max UDMA/33 cmd 0x170 ctl 0x376 bmdma 0xd008 irq 15
[    1.148143] libphy: Fixed MDIO Bus: probed
[    1.149315] tun: Universal TUN/TAP device driver, 1.6
[    1.150627] tun: (C) 1999-2004 Max Krasnyansky <maxk@qualcomm.com>
[    1.152336] PPP generic driver version 2.4.2
[    1.153580] ehci_hcd: USB 2.0 'Enhanced' Host Controller (EHCI) Driver
[    1.155096] ehci-pci: EHCI PCI platform driver
[    1.156306] ehci-platform: EHCI generic platform driver
[    1.157606] ohci_hcd: USB 1.1 'Open' Host Controller (OHCI) Driver
[    1.159060] ohci-pci: OHCI PCI platform driver
[    1.160201] ohci-platform: OHCI generic platform driver
[    1.161529] uhci_hcd: USB Universal Host Controller Interface driver
[    1.163079] i8042: PNP: PS/2 Controller [PNP0303:PS2K,PNP0f03:PS2M] at 0x60,0x64 irq 1,12
[    1.165789] serio: i8042 KBD port at 0x60,0x64 irq 1
[    1.167036] serio: i8042 AUX port at 0x60,0x64 irq 12
[    1.168590] mousedev: PS/2 mouse device common for all mice
[    1.170390] input: AT Translated Set 2 keyboard as /devices/platform/i8042/serio0/input/input2
[    1.173083] rtc_cmos rtc_cmos: rtc core: registered rtc_cmos as rtc0
[    1.174786] rtc_cmos rtc_cmos: alarms up to one day, 114 bytes nvram
[    1.176540] i2c /dev entries driver
[    1.177685] device-mapper: uevent: version 1.0.3
[    1.179083] device-mapper: ioctl: 4.34.0-ioctl (2015-10-28) initialised: dm-devel@redhat.com
[    1.181560] ledtrig-cpu: registered to indicate activity on CPUs
[    1.183999] NET: Registered protocol family 10
[    1.185595] NET: Registered protocol family 17
[    1.186912] Key type dns_resolver registered
[    1.188811] registered taskstats version 1
[    1.190044] Loading compiled-in X.509 certificates
[    1.191940] Loaded X.509 cert 'Build time autogenerated kernel key: 3e01e6df98386236d59670e6b2ed19a044d5324e'
[    1.194625] zswap: loaded using pool lzo/zbud
[    1.198027] Key type trusted registered
[    1.203123] Key type encrypted registered
[    1.204450] AppArmor: AppArmor sha1 policy hashing enabled
[    1.206003] ima: No TPM chip found, activating TPM-bypass!
[    1.207505] ima: Allocated hash algorithm: sha1
[    1.208896] evm: HMAC attrs: 0x1
[    1.210440]   Magic number: 15:652:586
[    1.211786] rtc_cmos rtc_cmos: setting system clock to 2019-08-15 14:33:26 UTC (1565879606)
[    1.214351] BIOS EDD facility v0.16 2004-Jun-25, 0 devices found
[    1.215937] EDD information not available.
[    1.305176] Freeing unused kernel memory: 1484K
[    1.306787] Write protecting the kernel read-only data: 14336k
[    1.309322] Freeing unused kernel memory: 1612K
[    1.311172] Freeing unused kernel memory: 64K
Loading, please wait...
starting version 229
[    1.332373] random: systemd-udevd: uninitialized urandom read (16 bytes read, 3 bits of entropy available)
[    1.333288] random: udevadm: uninitialized urandom read (16 bytes read, 3 bits of entropy available)
[    1.333326] random: udevadm: uninitialized urandom read (16 bytes read, 3 bits of entropy available)
[    1.343302] random: systemd-udevd: uninitialized urandom read (16 bytes read, 3 bits of entropy available)
[    1.347297] random: udevadm: uninitialized urandom read (16 bytes read, 3 bits of entropy available)
[    1.347339] random: udevadm: uninitialized urandom read (16 bytes read, 3 bits of entropy available)
[    1.347499] random: udevadm: uninitialized urandom read (16 bytes read, 3 bits of entropy available)
[    1.347671] random: udevadm: uninitialized urandom read (16 bytes read, 3 bits of entropy available)
[    1.347752] random: udevadm: uninitialized urandom read (16 bytes read, 3 bits of entropy available)
[    1.347820] random: udevadm: uninitialized urandom read (16 bytes read, 3 bits of entropy available)
[    1.427430] e1000: Intel(R) PRO/1000 Network Driver - version 7.3.21-k8-NAPI
[    1.430263] e1000: Copyright (c) 1999-2006 Intel Corporation.
[    1.439870] Fusion MPT base driver 3.04.20
[    1.441386] Copyright (c) 1999-2008 LSI Corporation
[    1.473856] AVX2 version of gcm_enc/dec engaged.
[    1.475161] AES CTR mode by8 optimization enabled
[    1.492699] Fusion MPT SPI Host driver 3.04.20
[    1.689278] input: ImExPS/2 Generic Explorer Mouse as /devices/platform/i8042/serio1/input/input4
[    2.082184] e1000 0000:00:03.0 eth0: (PCI:33MHz:32-bit) 02:c2:66:bb:16:6d
[    2.083935] e1000 0000:00:03.0 eth0: Intel(R) PRO/1000 Network Connection
[    2.086590] mptbase: ioc0: Initiating bringup
[    3.209078] ioc0: LSI53C1030 A0: Capabilities={Initiator}
[    4.352769] scsi host2: ioc0: LSI53C1030 A0, FwRev=00000000h, Ports=1, MaxQ=256, IRQ=20
[    4.972605] scsi 2:0:0:0: Direct-Access     VBOX     HARDDISK         1.0  PQ: 0 ANSI: 5
[    4.975426] scsi target2:0:0: Beginning Domain Validation
[    4.981039] scsi target2:0:0: Domain Validation skipping write tests
[    4.982526] scsi target2:0:0: Ending Domain Validation
[    4.984050] scsi target2:0:0: asynchronous
[    4.986353] scsi 2:0:1:0: Direct-Access     VBOX     HARDDISK         1.0  PQ: 0 ANSI: 5
[    4.988787] scsi target2:0:1: Beginning Domain Validation
[    4.992963] scsi target2:0:1: Domain Validation skipping write tests
[    4.994446] scsi target2:0:1: Ending Domain Validation
[    4.995761] scsi target2:0:1: asynchronous
[    5.003968] sd 2:0:0:0: [sda] 20971520 512-byte logical blocks: (10.7 GB/10.0 GiB)
[    5.006475] sd 2:0:0:0: [sda] Write Protect is off
[    5.009448] sd 2:0:0:0: Attached scsi generic sg0 type 0
[    5.026406] sd 2:0:0:0: [sda] Incomplete mode parameter data
[    5.028655] sd 2:0:0:0: [sda] Assuming drive cache: write through
[    5.031326] sd 2:0:1:0: [sdb] 20480 512-byte logical blocks: (10.5 MB/10.0 MiB)
[    5.034785] sd 2:0:1:0: [sdb] Write Protect is off
[    5.035227] sd 2:0:1:0: Attached scsi generic sg1 type 0
[    5.038966] sd 2:0:1:0: [sdb] Incomplete mode parameter data
[    5.041432] sd 2:0:1:0: [sdb] Assuming drive cache: write through
[    5.047564]  sda: sda1
[    5.049756] sd 2:0:0:0: [sda] Attached SCSI disk
[    5.052690] sd 2:0:1:0: [sdb] Attached SCSI disk
[    5.407083] e1000 0000:00:08.0 eth1: (PCI:33MHz:32-bit) 08:00:27:dc:18:2a
[    5.408982] e1000 0000:00:08.0 eth1: Intel(R) PRO/1000 Network Connection
[    5.411728] e1000 0000:00:03.0 enp0s3: renamed from eth0
[    5.429100] e1000 0000:00:08.0 enp0s8: renamed from eth1
Begin: Loading essential drivers ... [    6.997633] md: linear personality registered for level -1
[    7.003879] md: multipath personality registered for level -4
[    7.009342] md: raid0 personality registered for level 0
[    7.017168] md: raid1 personality registered for level 1
[    7.091884] raid6: sse2x1   gen() 10458 MB/s
[    7.160198] raid6: sse2x1   xor()  7943 MB/s
[    7.228533] raid6: sse2x2   gen() 12758 MB/s
[    7.295786] raid6: sse2x2   xor()  8182 MB/s
[    7.363804] raid6: sse2x4   gen() 14452 MB/s
[    7.432092] raid6: sse2x4   xor()  7796 MB/s
[    7.499832] raid6: avx2x1   gen() 15091 MB/s
[    7.568207] raid6: avx2x2   gen() 20618 MB/s
[    7.636052] raid6: avx2x4   gen() 25873 MB/s
[    7.637260] raid6: using algorithm avx2x4 gen() 25873 MB/s
[    7.638737] raid6: using avx2x2 recovery algorithm
[    7.641497] xor: automatically using best checksumming function:
[    7.680471]    avx       : 26229.000 MB/sec
[    7.683001] async_tx: api initialized (async)
[    7.695645] md: raid6 personality registered for level 6
[    7.697148] md: raid5 personality registered for level 5
[    7.698611] md: raid4 personality registered for level 4
[    7.707054] md: raid10 personality registered for level 10
done.
Begin: Running /scripts/init-premount ... done.
Begin: Mounting root file system ... Begin: Running /scripts/local-top ... done.
Begin: Running /scripts/local-premount ... [    7.741355] Btrfs loaded
Scanning for Btrfs filesystems
done.
Warning: fsck not present, so skipping root file system
[    7.784979] EXT4-fs (sda1): mounted filesystem with ordered data mode. Opts: (null)
done.
Begin: Running /scripts/local-bottom ... done.
Begin: Running /scripts/init-bottom ... done.
[    7.894909] systemd[1]: systemd 229 running in system mode. (+PAM +AUDIT +SELINUX +IMA +APPARMOR +SMACK +SYSVINIT +UTMP +LIBCRYPTSETUP +GCRYPT +GNUTLS +ACL +XZ -LZ4 +SECCOMP +BLKID +ELFUTILS +KMOD -IDN)
[    7.899119] systemd[1]: Detected virtualization oracle.
[    7.900475] systemd[1]: Detected architecture x86-64.

Welcome to [1mUbuntu 16.04.6 LTS[0m!

[    7.905364] systemd[1]: Set hostname to <ubuntu>.
[    7.909030] systemd[1]: Initializing machine ID from random generator.
[    7.910606] systemd[1]: Installed transient /etc/machine-id file.
[    8.092491] systemd[1]: Started Trigger resolvconf update for networkd DNS.
[[0;32m  OK  [0m] Started Trigger resolvconf update for networkd DNS.
[    8.096415] systemd[1]: Listening on Journal Audit Socket.
[[0;32m  OK  [0m] Listening on Journal Audit Socket.
[    8.098821] systemd[1]: Listening on udev Kernel Socket.
[[0;32m  OK  [0m] Listening on udev Kernel Socket.
[    8.101229] systemd[1]: Reached target User and Group Name Lookups.
[[0;32m  OK  [0m] Reached target User and Group Name Lookups.
[    8.104754] systemd[1]: Listening on udev Control Socket.
[[0;32m  OK  [0m] Listening on udev Control Socket.
[    8.107860] systemd[1]: Started Forward Password Requests to Wall Directory Watch.
[[0;32m  OK  [0m] Started Forward Password Requests to Wall Directory Watch.
[    8.111442] systemd[1]: Listening on /dev/initctl Compatibility Named Pipe.
[[0;32m  OK  [0m] Listening on /dev/initctl Compatibility Named Pipe.
[    8.114279] systemd[1]: Reached target Swap.
[[0;32m  OK  [0m] Reached target Swap.
[    8.117067] systemd[1]: Reached target Encrypted Volumes.
[[0;32m  OK  [0m] Reached target Encrypted Volumes.
[    8.120036] systemd[1]: Listening on LVM2 metadata daemon socket.
[[0;32m  OK  [0m] Listening on LVM2 metadata daemon socket.
[    8.123935] systemd[1]: Reached target System Time Synchronized.
[[0;32m  OK  [0m] Reached target System Time Synchronized.
[    8.132836] systemd[1]: Created slice System Slice.
[[0;32m  OK  [0m] Created slice System Slice.
[    8.136447] systemd[1]: Listening on Device-mapper event daemon FIFOs.
[[0;32m  OK  [0m] Listening on Device-mapper event daemon FIFOs.
[    8.141141] systemd[1]: Listening on Journal Socket.
[[0;32m  OK  [0m] Listening on Journal Socket.
[    8.159974] systemd[1]: Starting Remount Root and Kernel File Systems...
         Starting Remount Root and Kernel File Systems...
[    8.169690] systemd[1]: Starting Nameserver information manager...
[    8.171474] EXT4-fs (sda1): re-mounted. Opts: (null)
         Starting Nameserver information manager...
[    8.174134] systemd[1]: Starting Monitoring of LVM2 mirrors, snapshots etc. using dmeventd or progress polling...
         Starting Monitoring of LVM2 mirrors... dmeventd or progress polling...
[    8.180565] systemd[1]: Starting Set console keymap...
         Starting Set console keymap...
[    8.183749] systemd[1]: Mounting POSIX Message Queue File System...
         Mounting POSIX Message Queue File System...
[    8.188210] systemd[1]: Created slice system-serial\x2dgetty.slice.
[[0;32m  OK  [0m] Created slice system-serial\x2dgetty.slice.
[    8.191513] systemd[1]: Listening on Syslog Socket.
[[0;32m  OK  [0m] Listening on Syslog Socket.
[    8.204450] systemd[1]: Set up automount Arbitrary Executable File Formats File System Automount Point.
[[0;32m  OK  [0m] Set up automount Arbitrary Executab...ats File System Automount Point.
[    8.220283] systemd[1]: Mounting Debug File System...
         Mounting Debug File System...
[    8.222931] systemd[1]: Listening on LVM2 poll daemon socket.
[[0;32m  OK  [0m] Listening on LVM2 poll daemon socket.
[    8.228281] systemd[1]: Starting Load Kernel Modules...
         Starting Load Kernel Modules...
[    8.231743] systemd[1]: Starting Create list of required static device nodes for the current kernel...
         Starting Create list of required st... nodes for the current kernel...
[    8.237533] systemd[1]: Listening on Journal Socket (/dev/log).
[[0;32m  OK  [0m] Listening on Journal Socket (/dev/log).
[    8.245610] systemd[1]: Starting Journal Service...
         Starting Journal Service...
[    8.250782] systemd[1]: Starting Uncomplicated firewall...
         Starting Uncomplicated firewall...
[    8.258698] systemd[1]: Created slice User and Session Slice.
[[0;32m  OK  [0m] Created slice User and Session Slice.
[    8.262059] systemd[1]: Reached target Slices.
[[0;32m  OK  [0m] Reached target Slices.
[    8.267513] systemd[1]: Mounting Huge Pages File System...
         Mounting Huge Pages File System...
[    8.271431] Loading iSCSI transport class v2.0-870.
[    8.277213] systemd[1]: Mounted Huge Pages File System.
[[0;32m  OK  [0m] Mounted Huge Pages File System.
[    8.280373] systemd[1]: Mounted Debug File System.
[[0;32m  OK  [0m] Mounted Debug File System.
[    8.286085] systemd[1]: Mounted POSIX Message Queue File System.
[[0;32m  OK  [0m] Mounted POSIX Message Queue File System.
[    8.289868] systemd[1]: Started Remount Root and Kernel File Systems.
[[0;32m  OK  [0m] Started Remount Root and Kernel File Systems.
[    8.300292] systemd[1]: Started Create list of required static device nodes for the current kernel.
[[0;32m  OK  [0m] Started Create list of required sta...ce nodes for the current kernel.
[    8.308768] systemd[1]: Started Uncomplicated firewall.
[[0;32m  OK  [0m] Started Uncomplicated firewall.
[    8.315652] iscsi: registered transport (tcp)
[    8.328400] systemd[1]: Started Nameserver information manager.
[[0;32m  OK  [0m] Started Nameserver information manager.
[    8.332789] systemd[1]: Started Set console keymap.
[[0;32m  OK  [0m] Started Set console keymap.
[    8.337373] systemd[1]: Started Journal Service.
[[0;32m  OK  [0m] Started Journal Service.
[    8.360049] iscsi: registered transport (iser)
[[0;32m  OK  [0m] Started Load Kernel Modules.
         Starting Apply Kernel Variables...
         Mounting FUSE Control File System...
[[0;32m  OK  [0m] Started LVM2 metadata daemon.
         Starting Create Static Device Nodes in /dev...
         Starting Load/Save Random Seed...
         Starting Flush Journal to Persistent Storage...
         Starting udev Coldplug all Devices...
[[0;32m  OK  [0m] Mounted FUSE Control File System.
[[0;32m  OK  [0m] Started Apply Kernel Variables.
[[0;32m  OK  [0m] Started Load/Save Random Seed.
[[0;32m  OK  [0m] Started Create Static Device Nodes in /dev.
[[0;32m  OK  [0m] Started udev Coldplug all Devices.
[[0;32m  OK  [0m] Started Flush Journal to Persistent Storage.
         Starting udev Kernel Device Manager...
[[0;32m  OK  [0m] Started udev Kernel Device Manager.
[[0;32m  OK  [0m] Started Dispatch Password Requests to Console Directory Watch.
[[0;32m  OK  [0m] Found device /dev/ttyS0.
[[0;32m  OK  [0m] Listening on Load/Save RF Kill Switch Status /dev/rfkill Watch.
[[0;32m  OK  [0m] Started Monitoring of LVM2 mirrors,...ng dmeventd or progress polling.
[[0;32m  OK  [0m] Reached target Local File Systems (Pre).
[[0;32m  OK  [0m] Reached target Local File Systems.
         Starting Tell Plymouth To Write Out Runtime Data...
         Starting Initial cloud-init job (pre-networking)...
         Starting Set console font and keymap...
         Starting Commit a transient machine-id on disk...
         Starting Create Volatile Files and Directories...
         Starting LSB: AppArmor initialization...
[[0;32m  OK  [0m] Started Tell Plymouth To Write Out Runtime Data.
[[0;32m  OK  [0m] Started Commit a transient machine-id on disk.
[[0;32m  OK  [0m] Started Create Volatile Files and Directories.
         Starting Update UTMP about System Boot/Shutdown...
[[0;32m  OK  [0m] Started Update UTMP about System Boot/Shutdown.
[   10.613276] cloud-init[622]: Cloud-init v. 19.1-1-gbaa47854-0ubuntu1~16.04.1 running 'init-local' at Thu, 15 Aug 2019 14:33:35 +0000. Up 9.96 seconds.
[[0;32m  OK  [0m] Started Initial cloud-init job (pre-networking).
[[0;32m  OK  [0m] Reached target Network (Pre).
[[0;32m  OK  [0m] Started Set console font and keymap.
[[0;32m  OK  [0m] Created slice system-getty.slice.
[[0;32m  OK  [0m] Started LSB: AppArmor initialization.
         Starting Raise network interfaces...
[[0;32m  OK  [0m] Started Raise network interfaces.
         Starting Initial cloud-init job (metadata service crawler)...
[[0;32m  OK  [0m] Reached target Network.
[   13.282375] cloud-init[986]: Cloud-init v. 19.1-1-gbaa47854-0ubuntu1~16.04.1 running 'init' at Thu, 15 Aug 2019 14:33:38 +0000. Up 12.41 seconds.
[   13.285828] cloud-init[986]: ci-info: ++++++++++++++++++++++++++++++++++++++Net device info+++++++++++++++++++++++++++++++++++++++
[   13.289422] cloud-init[986]: ci-info: +--------+-------+----------------------------+---------------+--------+-------------------+
[   13.292726] cloud-init[986]: ci-info: | Device |   Up  |          Address           |      Mask     | Scope  |     Hw-Address    |
[   13.295952] cloud-init[986]: ci-info: +--------+-------+----------------------------+---------------+--------+-------------------+
[   13.299272] cloud-init[986]: ci-info: | enp0s3 |  True |         10.0.2.15          | 255.255.255.0 | global | 02:c2:66:bb:16:6d |
[   13.302445] cloud-init[986]: ci-info: | enp0s3 |  True | fe80::c2:66ff:febb:166d/64 |       .       |  link  | 02:c2:66:bb:16:6d |
[   13.313143] cloud-init[986]: ci-info: | enp0s8 | False |             .              |       .       |   .    | 08:00:27:dc:18:2a |
[   13.315911] cloud-init[986]: ci-info: |   lo   |  True |         127.0.0.1          |   255.0.0.0   |  host  |         .         |
[   13.318839] cloud-init[986]: ci-info: |   lo   |  True |          ::1/128           |       .       |  host  |         .         |
[   13.322292] cloud-init[986]: ci-info: +--------+-------+----------------------------+---------------+--------+-------------------+
[   13.325617] cloud-init[986]: ci-info: +++++++++++++++++++++++++++Route IPv4 info++++++++++++++++++++++++++++
[   13.328736] cloud-init[986]: ci-info: +-------+-------------+----------+---------------+-----------+-------+
[   13.331013] cloud-init[986]: ci-info: | Route | Destination | Gateway  |    Genmask    | Interface | Flags |
[   13.334105] cloud-init[986]: ci-info: +-------+-------------+----------+---------------+-----------+-------+
[   13.337116] cloud-init[986]: ci-info: |   0   |   0.0.0.0   | 10.0.2.2 |    0.0.0.0    |   enp0s3  |   UG  |
[   13.339637] cloud-init[986]: ci-info: |   1   |   10.0.2.0  | 0.0.0.0  | 255.255.255.0 |   enp0s3  |   U   |
[   13.342620] cloud-init[986]: ci-info: +-------+-------------+----------+---------------+-----------+-------+
[   13.347719] cloud-init[986]: ci-info: +++++++++++++++++++Route IPv6 info+++++++++++++++++++
[   13.351188] cloud-init[986]: ci-info: +-------+-------------+---------+-----------+-------+
[   13.354766] cloud-init[986]: ci-info: | Route | Destination | Gateway | Interface | Flags |
[   13.358990] cloud-init[986]: ci-info: +-------+-------------+---------+-----------+-------+
[   13.362974] cloud-init[986]: ci-info: |   0   |  fe80::/64  |    ::   |   enp0s3  |   U   |
[   13.367135] cloud-init[986]: ci-info: |   3   |   ff00::/8  |    ::   |   enp0s3  |   U   |
[   13.370719] cloud-init[986]: ci-info: +-------+-------------+---------+-----------+-------+
[   13.375070] cloud-init[986]: Generating public/private rsa key pair.
[   13.378485] cloud-init[986]: Your identification has been saved in /etc/ssh/ssh_host_rsa_key.
[   13.380903] cloud-init[986]: Your public key has been saved in /etc/ssh/ssh_host_rsa_key.pub.
[   13.383652] cloud-init[986]: The key fingerprint is:
[   13.385366] cloud-init[986]: SHA256:P5nSpl8leSgSTW4hfacmQGIz5q7PmVU0hFIQNnaLjUE root@ubuntu-xenial
[   13.387770] cloud-init[986]: The key's randomart image is:
[   13.390184] cloud-init[986]: +---[RSA 2048]----+
[   13.391709] cloud-init[986]: |     .E==o+      |
[   13.401135] cloud-init[986]: |     *.@oB... .  |
[   13.402465] cloud-init[986]: |      +.+.*. o   |
[   13.424239] cloud-init[986]: |     .   +..oo   |
[   13.425818] cloud-init[986]: |      . S oo+ o  |
[   13.427435] cloud-init[986]: |     .   = + +   |
[   13.429027] cloud-init[986]: |    .   o B .    |
[   13.430559] cloud-init[986]: |     o + + o     |
[   13.432114] cloud-init[986]: |      = ...      |
[   13.433539] cloud-init[986]: +----[SHA256]-----+
[   13.436139] cloud-init[986]: Generating public/private dsa key pair.
[   13.439531] cloud-init[986]: Your identification has been saved in /etc/ssh/ssh_host_dsa_key.
[   13.442130] cloud-init[986]: Your public key has been saved in /etc/ssh/ssh_host_dsa_key.pub.
[   13.444273] cloud-init[986]: The key fingerprint is:
[   13.445862] cloud-init[986]: SHA256:ewo94UG0okHqRZqJWS+JxK5TwsdcKFo2oFzWb28pfPQ root@ubuntu-xenial
[   13.449473] cloud-init[986]: The key's randomart image is:
[   13.451240] cloud-init[986]: +---[DSA 1024]----+
[   13.452818] cloud-init[986]: |oo.o=   .        |
[   13.455452] cloud-init[986]: |+B*@ o . .       |
[   13.457898] cloud-init[986]: |O+@.= o o        |
[   13.460292] cloud-init[986]: |o+.* o = .       |
[   13.461793] cloud-init[986]: |.oo . o S o      |
[   13.463738] cloud-init[986]: |o      = O E     |
[   13.465713] cloud-init[986]: | .    . O .      |
[   13.467981] cloud-init[986]: |       . +       |
[   13.470599] cloud-init[986]: |        .        |
[   13.472738] cloud-init[986]: +----[SHA256]-----+
[   13.475371] cloud-init[986]: Generating public/private ecdsa key pair.
[   13.478208] cloud-init[986]: Your identification has been saved in /etc/ssh/ssh_host_ecdsa_key.
[   13.482406] cloud-init[986]: Your public key has been saved in /etc/ssh/ssh_host_ecdsa_key.pub.
[   13.489082] cloud-init[986]: The key fingerprint is:
[   13.491569] cloud-init[986]: SHA256:MLRmVzVcZitRErBWMr5/Z6+ftauflyw1GyntN+rpPVo root@ubuntu-xenial
[   13.493848] cloud-init[986]: The key's randomart image is:
[   13.495310] cloud-init[986]: +---[ECDSA 256]---+
[   13.496787] cloud-init[986]: |      .   =+B+=  |
[   13.498473] cloud-init[986]: |     . . o =.* . |
[   13.500390] cloud-init[986]: |      * . + . .  |
[   13.502322] cloud-init[986]: |     o + . . .   |
[   13.504420] cloud-init[986]: |        S .   . .|
[   13.506218] cloud-init[986]: |           . . * |
[   13.507672] cloud-init[986]: |            . *EO|
[   13.509516] cloud-init[986]: |             o+XO|
[   13.511414] cloud-init[986]: |            oBBXO|
[   13.513128] cloud-init[986]: +----[SHA256]-----+
[   13.514789] cloud-init[986]: Generating public/private ed25519 key pair.
[   13.516868] cloud-init[986]: Your identification has been saved in /etc/ssh/ssh_host_ed25519_key.
[   13.519435] cloud-init[986]: Your public key has been saved in /etc/ssh/ssh_host_ed25519_key.pub.
[   13.521993] cloud-init[986]: The key fingerprint is:
[[0;32m  OK  [0m] Started Initial cloud-init job (metadata service crawler).
[[0;32m  OK  [0m] Reached target Network is Online.
[   13.524829] cloud-init[986]: SHA256:OrxzZ2Ssb+yD23B5tTvOz7qI4xYhZ+rq/DfUNTSxEAE root@ubuntu-xenial
[   13.530541] cloud-init[986]: The key's randomart image is:
[   13.532266] cloud-init[986]: +--[ED25519 256]--+
[   13.533936] cloud-init[986]: |          E.+o.. |
[   13.535654] cloud-init[986]: |             .o. |
         Starting iSCSI initiator daemon (iscsid)...
[[0;32m  OK  [0m] Reached target System Initialization.
[[0;32m  OK  [0m] Listening on D-Bus System Message Bus Socket.
         Starting LXD - unix socket.
[[0;32m  OK  [0m] Started ACPI Events Check.
[[0;32m  OK  [0m] Reached target Paths.
[[0;32m  OK  [0m] Started Daily apt download activities.
[[0;32m  OK  [0m] Listening on ACPID Listen Socket.
[[0;32m  OK  [0m] Started Daily Cleanup of Temporary Directories.
         Starting Socket activation for snappy daemon.
[[0;32m  OK  [0m] Listening on UUID daemon activation socket.
[[0;32m  OK  [0m] Started Daily apt upgrade and clean activities.
[[0;32m  OK  [0m] Reached target Timers.
[[0;32m  OK  [0m] Reached target Cloud-config availability.
[[0;32m  OK  [0m] Listening on LXD - unix socket.
[   13.549213] cloud-init[986]: |             ... |
[   13.562900] [[0;32m  OK  [0m] Listening on Socket activation for snappy daemon.
cloud-init[986]: |        . +   o  |
[   13.565852] cloud-init[986]: |        S* o ... |
[   13.567346] [[0;32m  OK  [0m] Reached target Sockets.
[[0;32m  OK  [0m] Reached target Basic System.
cloud-init[[0;32m  OK  [0m] Started FUSE filesystem for LXC.
[986]: |     . .. *... . |         Starting Virtualbox guest utils...

         Starting LXD - container startup/shutdown...
[   13.573244] cloud-init[986]: |      +..Bo.. .  |
[   13.575129] cloud-init[986]: |     ..o=+@o o.o |
[   13.577284] cloud-init[986]: |     .==o@*+..*=o|
[   13.582067] [cloud-init[0;32m  OK  [0m] Started Regular background program processing daemon.
[986]: +----[SHA256]-----+
         Starting LSB: MD monitoring daemon...
         Starting Pollinate to seed the pseudo random number generator...
         Starting Snappy daemon...
         Starting Accounts Service...
         Starting /etc/rc.local Compatibility...
[[0;32m  OK  [0m] Started ACPI event daemon.
         Starting LSB: Record successful boot for GRUB...
[[0;32m  OK  [0m] Started Deferred execution scheduler.
[[0;32m  OK  [0m] Started D-Bus System Message Bus.
         Starting System Logging Service...
         Starting Login Service...
[[0;32m  OK  [0m] Started /etc/rc.local Compatibility.
[[0;32m  OK  [0m] Started iSCSI initiator daemon (iscsid).
[[0;32m  OK  [0m] Started System Logging Service.
         Starting Authenticate and Authorize Users to Run Privileged Tasks...
         Starting Login to default iSCSI targets...
[[0;32m  OK  [0m] Started LXD - container startup/shutdown.
[[0;32m  OK  [0m] Started LSB: MD monitoring daemon.
[[0;32m  OK  [0m] Started LSB: Record successful boot for GRUB.
[[0;32m  OK  [0m] Started Login Service.
[[0;32m  OK  [0m] Started Unattended Upgrades Shutdown.
[[0;32m  OK  [0m] Started Authenticate and Authorize Users to Run Privileged Tasks.
[[0;32m  OK  [0m] Started Accounts Service.
[[0;32m  OK  [0m] Started Login to default iSCSI targets.
[[0;32m  OK  [0m] Reached target Remote File Systems (Pre).
[[0;32m  OK  [0m] Reached target Remote File Systems.
         Starting Permit User Sessions...
         Starting LSB: daemon to balance interrupts for SMP systems...
         Starting LSB: automatic crash report generation...
         Starting LSB: Set the CPU Frequency Scaling governor to "ondemand"...
[[0;32m  OK  [0m] Started Permit User Sessions.
[[0;32m  OK  [0m] Started Virtualbox guest utils.
         Starting Hold until boot process finishes up...
         Starting Terminate Plymouth Boot Screen...
[[0;32m  OK  [0m] Started LSB: Set the CPU Frequency Scaling governor to "ondemand".
[[0;32m  OK  [0m] Started Hold until boot process finishes up.
[[0;32m  OK  [0m] Started Terminate Plymouth Boot Screen.
[[0;32m  OK  [0m] Started LSB: daemon to balance interrupts for SMP systems.
[[0;32m  OK  [0m] Started LSB: automatic crash report generation.
[[0;32m  OK  [0m] Started Getty on tty1.
         Starting Set console scheme...
[[0;32m  OK  [0m] Started Serial Getty on ttyS0.
[[0;32m  OK  [0m] Reached target Login Prompts.
[[0;32m  OK  [0m] Started Set console scheme.
[[0;32m  OK  [0m] Started Snappy daemon.
         Starting Wait until snapd is fully seeded...
[[0;32m  OK  [0m] Started Pollinate to seed the pseudo random number generator.
         Starting OpenBSD Secure Shell server...
[[0;32m  OK  [0m] Started OpenBSD Secure Shell server.
[[0;32m  OK  [0m] Created slice User Slice of vagrant.
         Starting User Manager for UID 1000...
[[0;32m  OK  [0m] Started Session 1 of user vagrant.
[[0;32m  OK  [0m] Started User Manager for UID 1000.
[[0;32m  OK  [0m] Started Wait until snapd is fully seeded.
[[0;32m  OK  [0m] Reached target Multi-User System.
[[0;32m  OK  [0m] Reached target Graphical Interface.
         Starting Update UTMP about System Runlevel Changes...
         Starting Apply the settings specified in cloud-config...
[[0;32m  OK  [0m] Started Update UTMP about System Runlevel Changes.
[   16.288069] cloud-init[1418]: Generating locales (this might take a while)...
[   17.613373] cloud-init[1418]:   en_US.UTF-8... done
[   17.615128] cloud-init[1418]: Generation complete.
[   18.104758] cloud-init[1418]: Cloud-init v. 19.1-1-gbaa47854-0ubuntu1~16.04.1 running 'modules:config' at Thu, 15 Aug 2019 14:33:41 +0000. Up 16.08 seconds.
[[0;32m  OK  [0m] Started Apply the settings specified in cloud-config.
         Starting Execute cloud user/final scripts...
         Stopping User Manager for UID 1000...
ci-info: no authorized ssh keys fingerprints found for user ubuntu.
[[0;32m  OK  [0m] Stopped User Manager for UID 1000.
[[0;32m  OK  [0m] Removed slice User Slice of vagrant.
<14>Aug 15 14:33:44 ec2: 
<14>Aug 15 14:33:44 ec2: #############################################################
<14>Aug 15 14:33:44 ec2: -----BEGIN SSH HOST KEY FINGERPRINTS-----
<14>Aug 15 14:33:44 ec2: 1024 SHA256:ewo94UG0okHqRZqJWS+JxK5TwsdcKFo2oFzWb28pfPQ root@ubuntu-xenial (DSA)
<14>Aug 15 14:33:44 ec2: 256 SHA256:MLRmVzVcZitRErBWMr5/Z6+ftauflyw1GyntN+rpPVo root@ubuntu-xenial (ECDSA)
<14>Aug 15 14:33:44 ec2: 256 SHA256:OrxzZ2Ssb+yD23B5tTvOz7qI4xYhZ+rq/DfUNTSxEAE root@ubuntu-xenial (ED25519)
<14>Aug 15 14:33:44 ec2: 2048 SHA256:P5nSpl8leSgSTW4hfacmQGIz5q7PmVU0hFIQNnaLjUE root@ubuntu-xenial (RSA)
<14>Aug 15 14:33:44 ec2: -----END SSH HOST KEY FINGERPRINTS-----
<14>Aug 15 14:33:44 ec2: #############################################################
-----BEGIN SSH HOST KEY KEYS-----
ecdsa-sha2-nistp256 AAAAE2VjZHNhLXNoYTItbmlzdHAyNTYAAAAIbmlzdHAyNTYAAABBBAtidGMCTvo/NGSxEbrQreyr9H//OS3BUOsxCChX7muYNmmOOOCA/8mPR4cqIAZ++EX4dAOPl6rwGg+3Ds2bZ0Q= root@ubuntu-xenial
ssh-ed25519 AAAAC3NzaC1lZDI1NTE5AAAAIE5hNtI7YY4rfPP8geQYLxgCcmHYfkI/nKHRb63+Qh/c root@ubuntu-xenial
ssh-rsa AAAAB3NzaC1yc2EAAAADAQABAAABAQCjN0TtFgAz9Zz8SiTJEFrDpjy85OaXwmEFxDrtlIdR7AW+e6i9Iiz+TF279bksPAhLePA5TCXvmO4W6H731ePYrYvKSEb8Sl6OhJVVGegqWRXvMys871f1+RPaewItjFy7WvGJK8hADBEx3sRtWy0b8KxOvLvCa5TGp4uMr3IPbeqQkuD2MPu/6L6LN77o9OHMgq6hw7AsbBxfqY7stwUWy2HC5iS/smraCZ/vaaAADB236f6YxwVdN0kq0M1wbaCcXbYjlRe+tYQ5pJAmMbPzmB2JFUWt62xnBfCcAREULYLo6cnpyS3pzlTR0Zy2ftmuWhjy+5LEVcl1KxHsMFdB root@ubuntu-xenial
-----END SSH HOST KEY KEYS-----
[   19.026836] cloud-init[1587]: Cloud-init v. 19.1-1-gbaa47854-0ubuntu1~16.04.1 running 'modules:final' at Thu, 15 Aug 2019 14:33:44 +0000. Up 18.75 seconds.
[   19.030287] cloud-init[1587]: ci-info: no authorized ssh keys fingerprints found for user ubuntu.
[   19.032351] cloud-init[1587]: Cloud-init v. 19.1-1-gbaa47854-0ubuntu1~16.04.1 finished at Thu, 15 Aug 2019 14:33:44 +0000. Datasource DataSourceNoCloud [seed=/dev/sdb][dsmode=net].  Up 19.01 seconds
[[0;32m  OK  [0m] Started Execute cloud user/final scripts.
[[0;32m  OK  [0m] Reached target Cloud-init target.

Ubuntu 16.04.6 LTS ubuntu-xenial ttyS0

ubuntu-xenial login: 